Microchip MPLAB XC8 Compiler V2.45

Linker command line:

-W-3 \
  --edf=C:\Program Files\Microchip\xc8\v2.45\pic\dat\20230818022343_en.msgs \
  -cn -h+dist/default/production\MPLABXProjects.production.sym \
  --cmf=dist/default/production\MPLABXProjects.production.cmf -z -Q18F4620 \
  -oC:\Users\MARWAA~1\AppData\Local\Temp\xcAsp44.\driver_tmp_3.o \
  --defsym=__MPLAB_BUILD=1 --fixupoverflow=error \
  -Mdist/default/production/MPLABXProjects.production.map \
  --md=C:\Users\MARWAA~1\AppData\Local\Temp\xcAsp44.\driver_tmp_0.dat -E1 \
  -ver=XC8 Compiler --acfsm=1493 -ACODE=00h-0FFFFh -ACONST=00h-0FFFFh \
  -ASMALLCONST=01000h-010FFhx240 -AMEDIUMCONST=01000h-0FFFFh \
  -ACOMRAM=01h-07Fh -AABS1=00h-0F7Fh -ABIGRAM=01h-0F7Fh \
  -ARAM=080h-0FFh,0100h-01FFhx14,0F00h-0F7Fh -ABANK0=080h-0FFh \
  -ABANK1=0100h-01FFh -ABANK2=0200h-02FFh -ABANK3=0300h-03FFh \
  -ABANK4=0400h-04FFh -ABANK5=0500h-05FFh -ABANK6=0600h-06FFh \
  -ABANK7=0700h-07FFh -ABANK8=0800h-08FFh -ABANK9=0900h-09FFh \
  -ABANK10=0A00h-0AFFh -ABANK11=0B00h-0BFFh -ABANK12=0C00h-0CFFh \
  -ABANK13=0D00h-0DFFh -ABANK14=0E00h-0EFFh -ABANK15=0F00h-0F7Fh \
  -ASFR=0F80h-0FFFh -ABIGSFR=0F80h-0FFFh -ACONFIG=0300000h-030000Dh \
  -AIDLOC=0200000h-0200007h -AEEDATA=0F00000h-0F003FFh -peeprom_data=EEDATA \
  -preset_vec=00h,intcode=08h,intcodelo,powerup,init -pramtop=01000h \
  -psmallconst=SMALLCONST -pmediumconst=MEDIUMCONST -pconst=CONST \
  -AFARRAM=00h-00h \
  -prdata=COMRAM,nvrram=COMRAM,nvbit=COMRAM,rbss=COMRAM,rbit=COMRAM \
  -pfarbss=FARRAM,fardata=FARRAM,nvFARRAM=FARRAM \
  -pintsave_regs=BIGRAM,bigbss=BIGRAM,bigdata=BIGRAM -pbss=RAM \
  -pidata=CODE,irdata=CODE,ibigdata=CODE,ifardata=CODE -prparam=COMRAM \
  C:\Users\MARWAA~1\AppData\Local\Temp\xcAsp44.\driver_tmp_14.o \
  dist/default/production\MPLABXProjects.production.o 

Object code version is 3.11

Machine type is 18F4620



                Name                               Link     Load   Length Selector   Space Scale
C:\Users\MARWAA~1\AppData\Local\Temp\xcAsp44.\driver_tmp_14.o
                idloc                            200000   200000        8        0       5
                config                           300000   300000        E        0       4
                init                                  E        E        4        4       0
                reset_vec                             0        0        4        0       0
dist/default/production\MPLABXProjects.production.o
                intcode                               8        8        6        4       0
                idloc                            200000   200000        8        0       5
                config                           300000   300000        E        0       4
                temp                                 7C       7C        1        1       1
                smallconst                         1000     1000       34      800       0
                text42                             2D1A     2D1A        4      81A       0
                text41                             2D16     2D16        4      81A       0
                text40                             2D12     2D12        4      81A       0
                text39                             2CDA     2CDA       1A      81A       0
                text38                             2CC0     2CC0       1A      81A       0
                text37                             2CA6     2CA6       1A      81A       0
                text36                             2C8C     2C8C       1A      81A       0
                intcode_body                       17F8     17F8      286      81A       0
                text34                             2718     2718       90      81A       0
                text33                             23D2     23D2       BA      81A       0
                text32                             2B4C     2B4C       38      81A       0
                text31                             2C6A     2C6A       22      81A       0
                text30                             28EC     28EC       54      81A       0
                text29                             145E     145E      39A      81A       0
                text28                             1034     1034      42A      81A       0
                text27                             2028     2028      106      81A       0
                text26                             1C3E     1C3E      1B4      81A       0
                text25                             2B12     2B12       3A      81A       0
                text24                             2AD4     2AD4       3E      81A       0
                text23                             2686     2686       92      81A       0
                text22                             1DF2     1DF2      126      81A       0
                text21                             1F18     1F18      110      81A       0
                text20                             288E     288E       5E      81A       0
                text19                             2940     2940       4A      81A       0
                text18                             2C44     2C44       26      81A       0
                text17                             298A     298A       46      81A       0
                text16                             2228     2228       E6      81A       0
                text15                             2CF4     2CF4       16      81A       0
                text14                             2BEC     2BEC       30      81A       0
                text13                             230E     230E       C4      81A       0
                text12                             248C     248C       B0      81A       0
                text11                             2BB8     2BB8       34      81A       0
                text10                             2D1E     2D1E        2      81A       0
                text9                              253C     253C       AA      81A       0
                text8                              1A7E     1A7E      1C0      81A       0
                text7                              2A56     2A56       40      81A       0
                text6                              2B84     2B84       34      81A       0
                text5                              29D0     29D0       44      81A       0
                text4                              2A14     2A14       42      81A       0
                text3                              27A8     27A8       84      81A       0
                text2                              25E6     25E6       A0      81A       0
                text1                              2A96     2A96       3E      81A       0
                text0                              212E     212E       FA      81A       0
                cstackCOMRAM                          1        1       4B        1       1
                dataBANK0                            80       80       28       80       1
                bssBANK0                             A8       A8       27       80       1
                dataCOMRAM                           71       71        8        1       1
                bssCOMRAM                            4C       4C       25        1       1
                cinit                              282C     282C       62      81A       0
                nvCOMRAM                             79       79        3        1       1
                idataBANK0                         2C1C     2C1C       28      81A       0
                idataCOMRAM                        2D0A     2D0A        8      81A       0

TOTAL           Name                               Link     Load   Length     Space
        CLASS   CODE           
                intcode                               8        8        6         0
                init                                  E        E        4         0
                reset_vec                             0        0        4         0
                text42                             2D1A     2D1A        4         0
                text41                             2D16     2D16        4         0
                text40                             2D12     2D12        4         0
                text39                             2CDA     2CDA       1A         0
                text38                             2CC0     2CC0       1A         0
                text37                             2CA6     2CA6       1A         0
                text36                             2C8C     2C8C       1A         0
                intcode_body                       17F8     17F8      286         0
                text34                             2718     2718       90         0
                text33                             23D2     23D2       BA         0
                text32                             2B4C     2B4C       38         0
                text31                             2C6A     2C6A       22         0
                text30                             28EC     28EC       54         0
                text29                             145E     145E      39A         0
                text28                             1034     1034      42A         0
                text27                             2028     2028      106         0
                text26                             1C3E     1C3E      1B4         0
                text25                             2B12     2B12       3A         0
                text24                             2AD4     2AD4       3E         0
                text23                             2686     2686       92         0
                text22                             1DF2     1DF2      126         0
                text21                             1F18     1F18      110         0
                text20                             288E     288E       5E         0
                text19                             2940     2940       4A         0
                text18                             2C44     2C44       26         0
                text17                             298A     298A       46         0
                text16                             2228     2228       E6         0
                text15                             2CF4     2CF4       16         0
                text14                             2BEC     2BEC       30         0
                text13                             230E     230E       C4         0
                text12                             248C     248C       B0         0
                text11                             2BB8     2BB8       34         0
                text10                             2D1E     2D1E        2         0
                text9                              253C     253C       AA         0
                text8                              1A7E     1A7E      1C0         0
                text7                              2A56     2A56       40         0
                text6                              2B84     2B84       34         0
                text5                              29D0     29D0       44         0
                text4                              2A14     2A14       42         0
                text3                              27A8     27A8       84         0
                text2                              25E6     25E6       A0         0
                text1                              2A96     2A96       3E         0
                text0                              212E     212E       FA         0
                cinit                              282C     282C       62         0
                idataBANK0                         2C1C     2C1C       28         0
                idataCOMRAM                        2D0A     2D0A        8         0

        CLASS   CONST          

        CLASS   SMALLCONST     
                smallconst                         1000     1000       34         0

        CLASS   MEDIUMCONST    

        CLASS   COMRAM         
                temp                                 7C       7C        1         1
                cstackCOMRAM                          1        1       4B         1
                dataCOMRAM                           71       71        8         1
                bssCOMRAM                            4C       4C       25         1
                nvCOMRAM                             79       79        3         1

        CLASS   ABS1           

        CLASS   BIGRAM         

        CLASS   RAM            

        CLASS   BANK0          
                dataBANK0                            80       80       28         1
                bssBANK0                             A8       A8       27         1

        CLASS   BANK1          

        CLASS   BANK2          

        CLASS   BANK3          

        CLASS   BANK4          

        CLASS   BANK5          

        CLASS   BANK6          

        CLASS   BANK7          

        CLASS   BANK8          

        CLASS   BANK9          

        CLASS   BANK10         

        CLASS   BANK11         

        CLASS   BANK12         

        CLASS   BANK13         

        CLASS   BANK14         

        CLASS   BANK15         

        CLASS   SFR            

        CLASS   BIGSFR         

        CLASS   CONFIG         
                config                           300000   300000        E         4

        CLASS   IDLOC          
                idloc                            200000   200000        8         5

        CLASS   EEDATA         

        CLASS   FARRAM         

        CLASS   HEAP           

        CLASS   STACK          



SEGMENTS        Name                           Load    Length   Top    Selector   Space  Class

                reset_vec                      000000  000004  000004         0       0  CODE    
                cstackCOMRAM                   000001  00007C  00007D         1       1  COMRAM  
                intcode                        000008  00000A  000012         4       0  CODE    
                dataBANK0                      000080  00004F  0000CF        80       1  BANK0   
                smallconst                     001000  000034  001034       800       0  SMALLCON
                text28                         001034  001CEC  002D20       81A       0  CODE    


UNUSED ADDRESS RANGES

        Name                Unused          Largest block    Delta
        BANK0            0000CF-0000FF               31
        BANK1            000100-0001FF              100
        BANK10           000A00-000AFF              100
        BANK11           000B00-000BFF              100
        BANK12           000C00-000CFF              100
        BANK13           000D00-000DFF              100
        BANK14           000E00-000EFF              100
        BANK15           000F00-000F7F               80
        BANK2            000200-0002FF              100
        BANK3            000300-0003FF              100
        BANK4            000400-0004FF              100
        BANK5            000500-0005FF              100
        BANK6            000600-0006FF              100
        BANK7            000700-0007FF              100
        BANK8            000800-0008FF              100
        BANK9            000900-0009FF              100
        BIGRAM           00007D-00007F                3
                         0000CF-000F7F              EB1
        BIGSFR           000F80-000FFF               80
        CODE             000004-000007                4
                         000012-000FFF              FEE
                         002D20-00FFFF             D2E0
        COMRAM           00007D-00007F                3
        CONST            000004-000007                4
                         000012-000FFF              FEE
                         002D20-00FFFF             D2E0
        EEDATA           F00000-F003FF              400
        MEDIUMCONST      002D20-00FFFF             D2E0
        RAM              0000CF-000F7F              100
        SFR              000F80-000FFF               80
        SMALLCONST       002D20-00FFFF              100

                                  Symbol Table

?___awdiv                                     cstackCOMRAM 000002
?___awmod                                     cstackCOMRAM 000002
?___fldiv                                     cstackCOMRAM 000029
?___flmul                                     cstackCOMRAM 000010
?___fltol                                     cstackCOMRAM 000042
?___xxtofl                                    cstackCOMRAM 000002
?_abs                                         cstackCOMRAM 000008
?_sprintf                                     cstackCOMRAM 00001B
?_vfprintf                                    cstackCOMRAM 000017
ADC_Init@adc_obj                              cstackCOMRAM 000005
ADC_Init@ret                                  cstackCOMRAM 000007
ADC_get_conversion_result@adc_obj             cstackCOMRAM 000002
ADC_get_conversion_result@adc_result          cstackCOMRAM 000003
ADC_get_conversion_result@ret                 cstackCOMRAM 00000A
ADC_get_conversion_result_blocking@adc_obj    cstackCOMRAM 00000B
ADC_get_conversion_result_blocking@adc_result cstackCOMRAM 00000D
ADC_get_conversion_result_blocking@chanel     cstackCOMRAM 00000C
ADC_get_conversion_result_blocking@ret        cstackCOMRAM 00000E
ADC_select_channel@adc_obj                    cstackCOMRAM 000005
ADC_select_channel@chanel                     cstackCOMRAM 000006
ADC_select_channel@ret                        cstackCOMRAM 000008
ADC_start_conversion@adc_obj                  cstackCOMRAM 000002
ADC_start_conversion@ret                      cstackCOMRAM 000003
RB4_ISR@state                                 cstackCOMRAM 000001
RB5_ISR@state                                 cstackCOMRAM 000001
RB6_ISR@state                                 cstackCOMRAM 000001
RB7_ISR@state                                 cstackCOMRAM 000001
_ADCON0bits                                   (abs)        000FC2
_ADCON1bits                                   (abs)        000FC1
_ADCON2bits                                   (abs)        000FC0
_ADC_Init                                     text23       002686
_ADC_get_conversion_result                    text34       002718
_ADC_get_conversion_result_blocking           text30       0028EC
_ADC_select_channel                           text32       002B4C
_ADC_start_conversion                         text31       002C6A
_ADRESH                                       (abs)        000FC4
_ADRESL                                       (abs)        000FC3
_EEADR                                        (abs)        000FA9
_EEADRH                                       (abs)        000FAA
_EECON1bits                                   (abs)        000FA6
_EECON2                                       (abs)        000FA7
_EEDATA                                       (abs)        000FA8
_General_Interrupt_Manager                    intcode      000008
_INT0_ISR                                     text42       002D1A
_INT0_InterruptHandler                        bssCOMRAM    000064
_INT1_ISR                                     text41       002D16
_INT1_InterruptHandler                        bssCOMRAM    000062
_INT2_ISR                                     text40       002D12
_INT2_InterruptHandler                        bssCOMRAM    000060
_INTCON2bits                                  (abs)        000FF1
_INTCON3bits                                  (abs)        000FF0
_INTCONbits                                   (abs)        000FF2
_LATA                                         (abs)        000F89
_LATB                                         (abs)        000F8A
_LATC                                         (abs)        000F8B
_LATD                                         (abs)        000F8C
_LATE                                         (abs)        000F8D
_PORTA                                        (abs)        000F80
_PORTB                                        (abs)        000F81
_PORTBbits                                    (abs)        000F81
_PORTC                                        (abs)        000F82
_PORTD                                        (abs)        000F83
_PORTE                                        (abs)        000F84
_RB4_Flag                                     dataCOMRAM   000074
_RB4_High_InterruptHandler                    bssCOMRAM    00005E
_RB4_ISR                                      text39       002CDA
_RB4_Low_InterruptHandler                     bssCOMRAM    00005C
_RB5_Flag                                     dataCOMRAM   000073
_RB5_High_InterruptHandler                    bssCOMRAM    00005A
_RB5_ISR                                      text38       002CC0
_RB5_Low_InterruptHandler                     bssCOMRAM    000058
_RB6_Flag                                     dataCOMRAM   000072
_RB6_High_InterruptHandler                    bssCOMRAM    000056
_RB6_ISR                                      text37       002CA6
_RB6_Low_InterruptHandler                     bssCOMRAM    000054
_RB7_Flag                                     dataCOMRAM   000071
_RB7_High_InterruptHandler                    bssCOMRAM    000052
_RB7_ISR                                      text36       002C8C
_RB7_Low_InterruptHandler                     bssCOMRAM    000050
_TRISA                                        (abs)        000F92
_TRISB                                        (abs)        000F93
_TRISC                                        (abs)        000F94
_TRISD                                        (abs)        000F95
_TRISE                                        (abs)        000F96
__HRAM                                        (abs)        000000
__H__absolute__                               __absolute__ 000000
__Habs1                                       abs1         000000
__Hbank0                                      bank0        000000
__Hbank1                                      bank1        000000
__Hbank10                                     bank10       000000
__Hbank11                                     bank11       000000
__Hbank12                                     bank12       000000
__Hbank13                                     bank13       000000
__Hbank14                                     bank14       000000
__Hbank15                                     bank15       000000
__Hbank2                                      bank2        000000
__Hbank3                                      bank3        000000
__Hbank4                                      bank4        000000
__Hbank5                                      bank5        000000
__Hbank6                                      bank6        000000
__Hbank7                                      bank7        000000
__Hbank8                                      bank8        000000
__Hbank9                                      bank9        000000
__Hbigbss                                     bigbss       000000
__Hbigdata                                    bigdata      000000
__Hbigram                                     bigram       000000
__Hbigsfr                                     bigsfr       000000
__Hbss                                        bss          000000
__HbssBANK0                                   bssBANK0     000000
__HbssCOMRAM                                  bssCOMRAM    000000
__Hcinit                                      cinit        000000
__Hclrtext                                    clrtext      000000
__Hcomram                                     comram       000000
__Hconfig                                     config       30000E
__Hconst                                      const        000000
__HcstackCOMRAM                               cstackCOMRAM 000000
__Hdata                                       data         000000
__HdataBANK0                                  dataBANK0    000000
__HdataCOMRAM                                 dataCOMRAM   000000
__Heeprom_data                                eeprom_data  000000
__Hfarbss                                     farbss       000000
__Hfardata                                    fardata      000000
__Hheap                                       heap         000000
__Hibigdata                                   ibigdata     000000
__Hidata                                      idata        000000
__HidataBANK0                                 idataBANK0   000000
__HidataCOMRAM                                idataCOMRAM  000000
__Hidloc                                      idloc        200008
__Hifardata                                   ifardata     000000
__Hinit                                       init         000012
__Hintcode                                    intcode      00000E
__Hintcode_body                               intcode_body 000000
__Hintcodelo                                  intcodelo    00000E
__Hintentry                                   intentry     000000
__Hintret                                     intret       000000
__Hintsave_regs                               intsave_regs 000000
__Hirdata                                     irdata       000000
__Hmediumconst                                mediumconst  000000
__HnvCOMRAM                                   nvCOMRAM     000000
__HnvFARRAM                                   nvFARRAM     000000
__Hnvbit                                      nvbit        000000
__Hnvrram                                     nvrram       000000
__Hparam                                      rparam       000000
__Hpowerup                                    powerup      00000E
__Hram                                        ram          000000
__Hramtop                                     ramtop       001000
__Hrbit                                       rbit         000000
__Hrbss                                       rbss         000000
__Hrdata                                      rdata        000000
__Hreset_vec                                  reset_vec    000004
__Hrparam                                     rparam       000000
__Hsfr                                        sfr          000000
__Hsmallconst                                 smallconst   001034
__Hspace_0                                    (abs)        002D20
__Hspace_1                                    (abs)        0000CF
__Hspace_2                                    (abs)        000000
__Hspace_4                                    (abs)        60000E
__Hstack                                      stack        000000
__Hstruct                                     struct       000000
__Htemp                                       temp         00007D
__Htext                                       text         000000
__Htext0                                      text0        000000
__Htext1                                      text1        000000
__Htext10                                     text10       000000
__Htext11                                     text11       000000
__Htext12                                     text12       000000
__Htext13                                     text13       000000
__Htext14                                     text14       000000
__Htext15                                     text15       000000
__Htext16                                     text16       000000
__Htext17                                     text17       000000
__Htext18                                     text18       000000
__Htext19                                     text19       000000
__Htext2                                      text2        000000
__Htext20                                     text20       000000
__Htext21                                     text21       000000
__Htext22                                     text22       000000
__Htext23                                     text23       000000
__Htext24                                     text24       000000
__Htext25                                     text25       000000
__Htext26                                     text26       000000
__Htext27                                     text27       000000
__Htext28                                     text28       000000
__Htext29                                     text29       000000
__Htext3                                      text3        000000
__Htext30                                     text30       000000
__Htext31                                     text31       000000
__Htext32                                     text32       000000
__Htext33                                     text33       000000
__Htext34                                     text34       000000
__Htext36                                     text36       000000
__Htext37                                     text37       000000
__Htext38                                     text38       000000
__Htext39                                     text39       000000
__Htext4                                      text4        000000
__Htext40                                     text40       000000
__Htext41                                     text41       000000
__Htext42                                     text42       000000
__Htext5                                      text5        000000
__Htext6                                      text6        000000
__Htext7                                      text7        000000
__Htext8                                      text8        000000
__Htext9                                      text9        000000
__LRAM                                        (abs)        000001
__L__absolute__                               __absolute__ 000000
__Labs1                                       abs1         000000
__Lbank0                                      bank0        000000
__Lbank1                                      bank1        000000
__Lbank10                                     bank10       000000
__Lbank11                                     bank11       000000
__Lbank12                                     bank12       000000
__Lbank13                                     bank13       000000
__Lbank14                                     bank14       000000
__Lbank15                                     bank15       000000
__Lbank2                                      bank2        000000
__Lbank3                                      bank3        000000
__Lbank4                                      bank4        000000
__Lbank5                                      bank5        000000
__Lbank6                                      bank6        000000
__Lbank7                                      bank7        000000
__Lbank8                                      bank8        000000
__Lbank9                                      bank9        000000
__Lbigbss                                     bigbss       000000
__Lbigdata                                    bigdata      000000
__Lbigram                                     bigram       000000
__Lbigsfr                                     bigsfr       000000
__Lbss                                        bss          000000
__LbssBANK0                                   bssBANK0     000000
__LbssCOMRAM                                  bssCOMRAM    000000
__Lcinit                                      cinit        000000
__Lclrtext                                    clrtext      000000
__Lcomram                                     comram       000000
__Lconfig                                     config       000000
__Lconst                                      const        000000
__LcstackCOMRAM                               cstackCOMRAM 000000
__Ldata                                       data         000000
__LdataBANK0                                  dataBANK0    000000
__LdataCOMRAM                                 dataCOMRAM   000000
__Leeprom_data                                eeprom_data  000000
__Lfarbss                                     farbss       000000
__Lfardata                                    fardata      000000
__Lheap                                       heap         000000
__Libigdata                                   ibigdata     000000
__Lidata                                      idata        000000
__LidataBANK0                                 idataBANK0   000000
__LidataCOMRAM                                idataCOMRAM  000000
__Lidloc                                      idloc        000000
__Lifardata                                   ifardata     000000
__Linit                                       init         00000E
__Lintcode                                    intcode      000008
__Lintcode_body                               intcode_body 000000
__Lintcodelo                                  intcodelo    00000E
__Lintentry                                   intentry     000000
__Lintret                                     intret       000000
__Lintsave_regs                               intsave_regs 000000
__Lirdata                                     irdata       000000
__Lmediumconst                                mediumconst  000000
__LnvCOMRAM                                   nvCOMRAM     000000
__LnvFARRAM                                   nvFARRAM     000000
__Lnvbit                                      nvbit        000000
__Lnvrram                                     nvrram       000000
__Lparam                                      rparam       000000
__Lpowerup                                    powerup      00000E
__Lram                                        ram          000000
__Lramtop                                     ramtop       001000
__Lrbit                                       rbit         000000
__Lrbss                                       rbss         000000
__Lrdata                                      rdata        000000
__Lreset_vec                                  reset_vec    000000
__Lrparam                                     rparam       000000
__Lsfr                                        sfr          000000
__Lsmallconst                                 smallconst   001000
__Lspace_0                                    (abs)        000000
__Lspace_1                                    (abs)        000000
__Lspace_2                                    (abs)        000000
__Lspace_4                                    (abs)        000000
__Lstack                                      stack        000000
__Lstruct                                     struct       000000
__Ltemp                                       temp         00007C
__Ltext                                       text         000000
__Ltext0                                      text0        000000
__Ltext1                                      text1        000000
__Ltext10                                     text10       000000
__Ltext11                                     text11       000000
__Ltext12                                     text12       000000
__Ltext13                                     text13       000000
__Ltext14                                     text14       000000
__Ltext15                                     text15       000000
__Ltext16                                     text16       000000
__Ltext17                                     text17       000000
__Ltext18                                     text18       000000
__Ltext19                                     text19       000000
__Ltext2                                      text2        000000
__Ltext20                                     text20       000000
__Ltext21                                     text21       000000
__Ltext22                                     text22       000000
__Ltext23                                     text23       000000
__Ltext24                                     text24       000000
__Ltext25                                     text25       000000
__Ltext26                                     text26       000000
__Ltext27                                     text27       000000
__Ltext28                                     text28       000000
__Ltext29                                     text29       000000
__Ltext3                                      text3        000000
__Ltext30                                     text30       000000
__Ltext31                                     text31       000000
__Ltext32                                     text32       000000
__Ltext33                                     text33       000000
__Ltext34                                     text34       000000
__Ltext36                                     text36       000000
__Ltext37                                     text37       000000
__Ltext38                                     text38       000000
__Ltext39                                     text39       000000
__Ltext4                                      text4        000000
__Ltext40                                     text40       000000
__Ltext41                                     text41       000000
__Ltext42                                     text42       000000
__Ltext5                                      text5        000000
__Ltext6                                      text6        000000
__Ltext7                                      text7        000000
__Ltext8                                      text8        000000
__Ltext9                                      text9        000000
__S0                                          (abs)        002D20
__S1                                          (abs)        0000CF
__S4                                          (abs)        000000
__S5                                          (abs)        000000
___awdiv                                      text13       00230E
___awdiv@counter                              cstackCOMRAM 000006
___awdiv@dividend                             cstackCOMRAM 000002
___awdiv@divisor                              cstackCOMRAM 000004
___awdiv@quotient                             cstackCOMRAM 000008
___awdiv@sign                                 cstackCOMRAM 000007
___awmod                                      text12       00248C
___awmod@counter                              cstackCOMRAM 000006
___awmod@dividend                             cstackCOMRAM 000002
___awmod@divisor                              cstackCOMRAM 000004
___awmod@sign                                 cstackCOMRAM 000007
___fldiv                                      text29       00145E
___fldiv@a                                    cstackCOMRAM 00002D
___fldiv@aexp                                 cstackCOMRAM 000041
___fldiv@b                                    cstackCOMRAM 000029
___fldiv@bexp                                 cstackCOMRAM 000040
___fldiv@grs                                  cstackCOMRAM 00003C
___fldiv@new_exp                              cstackCOMRAM 00003A
___fldiv@rem                                  cstackCOMRAM 000035
___fldiv@sign                                 cstackCOMRAM 000039
___flmul                                      text28       001034
___flmul@a                                    cstackCOMRAM 000014
___flmul@aexp                                 cstackCOMRAM 000021
___flmul@b                                    cstackCOMRAM 000010
___flmul@bexp                                 cstackCOMRAM 000022
___flmul@grs                                  cstackCOMRAM 00001D
___flmul@prod                                 cstackCOMRAM 000023
___flmul@sign                                 cstackCOMRAM 00001C
___flmul@temp                                 cstackCOMRAM 000027
___fltol                                      text27       002028
___fltol@exp1                                 cstackCOMRAM 00004B
___fltol@f1                                   cstackCOMRAM 000042
___fltol@sign1                                cstackCOMRAM 00004A
___heap_hi                                    (abs)        000000
___heap_lo                                    (abs)        000000
___inthi_sp                                   stack        000000
___inthi_stack_hi                             stack        000000
___inthi_stack_lo                             stack        000000
___intlo_sp                                   stack        000000
___intlo_stack_hi                             stack        000000
___intlo_stack_lo                             stack        000000
___param_bank                                 (abs)        000000
___rparam_used                                (abs)        000001
___sp                                         stack        000000
___stack_hi                                   stack        000000
___stack_lo                                   stack        000000
___xxtofl                                     text26       001C3E
___xxtofl@arg                                 cstackCOMRAM 00000C
___xxtofl@exp                                 cstackCOMRAM 00000B
___xxtofl@sign                                cstackCOMRAM 00000A
___xxtofl@val                                 cstackCOMRAM 000002
__accesstop                                   (abs)        000080
__activetblptr                                (abs)        000003
__end_of_ADC_Init                             text23       002718
__end_of_ADC_get_conversion_result            text34       0027A8
__end_of_ADC_get_conversion_result_blocking   text30       002940
__end_of_ADC_select_channel                   text32       002B84
__end_of_ADC_start_conversion                 text31       002C8C
__end_of_General_Interrupt_Manager            intcode_body 001A7E
__end_of_INT0_ISR                             text42       002D1E
__end_of_INT1_ISR                             text41       002D1A
__end_of_INT2_ISR                             text40       002D16
__end_of_RB4_ISR                              text39       002CF4
__end_of_RB5_ISR                              text38       002CDA
__end_of_RB6_ISR                              text37       002CC0
__end_of_RB7_ISR                              text36       002CA6
__end_of___awdiv                              text13       0023D2
__end_of___awmod                              text12       00253C
__end_of___fldiv                              text29       0017F8
__end_of___flmul                              text28       00145E
__end_of___fltol                              text27       00212E
__end_of___xxtofl                             text26       001DF2
__end_of__initialization                      cinit        002884
__end_of_abs                                  text11       002BEC
__end_of_app_init                             text15       002D0A
__end_of_configure_adc_channel_port           text33       00248C
__end_of_configure_adc_result_format          text25       002B4C
__end_of_configure_adc_volatage_ref           text24       002B12
__end_of_convert_uint16_to_string             text5        002A14
__end_of_fputc                                text9        0025E6
__end_of_gpio_pin_direction_init              text22       001F18
__end_of_gpio_pin_init                        text20       0028EC
__end_of_gpio_pin_write                       text21       002028
__end_of_keypad_buttons                       smallconst   001011
__end_of_lcd_init                             text16       00230E
__end_of_lcd_send_bits                        text19       00298A
__end_of_lcd_send_char_data                   text4        002A56
__end_of_lcd_send_command                     text17       0029D0
__end_of_lcd_send_enable_signal               text18       002C6A
__end_of_lcd_send_string_data                 text3        00282C
__end_of_lcd_send_string_data_position        text1        002AD4
__end_of_lcd_set_cursor_position              text2        002686
__end_of_main                                 text0        002228
__end_of_memset                               text14       002C1C
__end_of_putch                                text10       002D20
__end_of_sprintf                              text6        002BB8
__end_of_vfpfcnvrt                            text8        001C3E
__end_of_vfprintf                             text7        002A96
__initialization                              cinit        00282C
__mediumconst                                 mediumconst  000000
__pbssBANK0                                   bssBANK0     0000A8
__pbssCOMRAM                                  bssCOMRAM    00004C
__pcinit                                      cinit        00282C
__pcstackCOMRAM                               cstackCOMRAM 000001
__pdataBANK0                                  dataBANK0    000080
__pdataCOMRAM                                 dataCOMRAM   000071
__pidataBANK0                                 idataBANK0   002C1C
__pidataCOMRAM                                idataCOMRAM  002D0A
__pintcode                                    intcode      000008
__pintcode_body                               intcode_body 0017F8
__pnvCOMRAM                                   nvCOMRAM     000079
__psmallconst                                 smallconst   001000
__ptext0                                      text0        00212E
__ptext1                                      text1        002A96
__ptext10                                     text10       002D1E
__ptext11                                     text11       002BB8
__ptext12                                     text12       00248C
__ptext13                                     text13       00230E
__ptext14                                     text14       002BEC
__ptext15                                     text15       002CF4
__ptext16                                     text16       002228
__ptext17                                     text17       00298A
__ptext18                                     text18       002C44
__ptext19                                     text19       002940
__ptext2                                      text2        0025E6
__ptext20                                     text20       00288E
__ptext21                                     text21       001F18
__ptext22                                     text22       001DF2
__ptext23                                     text23       002686
__ptext24                                     text24       002AD4
__ptext25                                     text25       002B12
__ptext26                                     text26       001C3E
__ptext27                                     text27       002028
__ptext28                                     text28       001034
__ptext29                                     text29       00145E
__ptext3                                      text3        0027A8
__ptext30                                     text30       0028EC
__ptext31                                     text31       002C6A
__ptext32                                     text32       002B4C
__ptext33                                     text33       0023D2
__ptext34                                     text34       002718
__ptext36                                     text36       002C8C
__ptext37                                     text37       002CA6
__ptext38                                     text38       002CC0
__ptext39                                     text39       002CDA
__ptext4                                      text4        002A14
__ptext40                                     text40       002D12
__ptext41                                     text41       002D16
__ptext42                                     text42       002D1A
__ptext5                                      text5        0029D0
__ptext6                                      text6        002B84
__ptext7                                      text7        002A56
__ptext8                                      text8        001A7E
__ptext9                                      text9        00253C
__ramtop                                      ramtop       001000
__smallconst                                  smallconst   001000
_abs                                          text11       002BB8
_adc_1                                        dataCOMRAM   000075
_app_init                                     text15       002CF4
_configure_adc_channel_port                   text33       0023D2
_configure_adc_result_format                  text25       002B12
_configure_adc_volatage_ref                   text24       002AD4
_convert_uint16_to_string                     text5        0029D0
_dbuf                                         bssBANK0     0000A8
_flags                                        bssCOMRAM    000066
_fputc                                        text9        00253C
_gpio_pin_direction_init                      text22       001DF2
_gpio_pin_init                                text20       00288E
_gpio_pin_write                               text21       001F18
_keypad_buttons                               smallconst   001001
_lat_reg                                      dataBANK0    00008A
_lcd_1                                        dataBANK0    00009E
_lcd_init                                     text16       002228
_lcd_send_bits                                text19       002940
_lcd_send_char_data                           text4        002A14
_lcd_send_command                             text17       00298A
_lcd_send_enable_signal                       text18       002C44
_lcd_send_string_data                         text3        0027A8
_lcd_send_string_data_position                text1        002A96
_lcd_set_cursor_position                      text2        0025E6
_lm35_C                                       nvCOMRAM     000079
_lm35_res                                     bssCOMRAM    00006F
_lm35_txt                                     bssBANK0     0000C8
_main                                         text0        00212E
_memset                                       text14       002BEC
_port_reg                                     dataBANK0    000080
_prec                                         bssCOMRAM    00004E
_putch                                        text10       002D1E
_ret                                          nvCOMRAM     00007B
_sprintf                                      text6        002B84
_tris_reg                                     dataBANK0    000094
_vfpfcnvrt                                    text8        001A7E
_vfprintf                                     text7        002A56
_width                                        bssCOMRAM    00004C
abs@a                                         cstackCOMRAM 000008
btemp                                         temp         00007C
configure_adc_channel_port@adc_ch             cstackCOMRAM 000004
configure_adc_result_format@adc_obj           cstackCOMRAM 000002
configure_adc_volatage_ref@adc_obj            cstackCOMRAM 000002
convert_uint16_to_string@str                  cstackCOMRAM 00002E
convert_uint16_to_string@value                cstackCOMRAM 00002C
end_of_initialization                         cinit        002884
fputc@c                                       cstackCOMRAM 000002
fputc@fp                                      cstackCOMRAM 000004
gpio_pin_direction_init@pin_confg             cstackCOMRAM 000002
gpio_pin_direction_init@ret                   cstackCOMRAM 000008
gpio_pin_init@pin_confg                       cstackCOMRAM 00000A
gpio_pin_init@ret                             cstackCOMRAM 00000C
gpio_pin_write@pin_confg                      cstackCOMRAM 000002
gpio_pin_write@pin_state                      cstackCOMRAM 000003
gpio_pin_write@ret                            cstackCOMRAM 000009
int$flags                                     temp         00007C
int_func                                      intcode_body 0017F8
intlevel0                                     text         000000
intlevel1                                     text         000000
intlevel2                                     text         000000
intlevel3                                     text         000000
isa$std                                       (abs)        000001
isa$xinst                                     (abs)        000000
lcd_init@l_count                              cstackCOMRAM 000016
lcd_init@lcd_obj                              cstackCOMRAM 000014
lcd_init@ret                                  cstackCOMRAM 000017
lcd_send_bits@data_cmd                        cstackCOMRAM 00000B
lcd_send_bits@l_count                         cstackCOMRAM 00000F
lcd_send_bits@lcd_obj                         cstackCOMRAM 00000A
lcd_send_bits@ret                             cstackCOMRAM 00000E
lcd_send_char_data@data                       cstackCOMRAM 000011
lcd_send_char_data@lcd_obj                    cstackCOMRAM 000010
lcd_send_char_data@ret                        cstackCOMRAM 000012
lcd_send_command@cmd                          cstackCOMRAM 000011
lcd_send_command@l_count                      cstackCOMRAM 000012
lcd_send_command@lcd_obj                      cstackCOMRAM 000010
lcd_send_command@ret                          cstackCOMRAM 000013
lcd_send_enable_signal@lcd_obj                cstackCOMRAM 00000A
lcd_send_enable_signal@ret                    cstackCOMRAM 00000B
lcd_send_string_data@lcd_obj                  cstackCOMRAM 000013
lcd_send_string_data@ret                      cstackCOMRAM 000016
lcd_send_string_data@str                      cstackCOMRAM 000014
lcd_send_string_data_position@col             cstackCOMRAM 00001D
lcd_send_string_data_position@lcd_obj         cstackCOMRAM 000019
lcd_send_string_data_position@ret             cstackCOMRAM 00001E
lcd_send_string_data_position@row             cstackCOMRAM 00001C
lcd_send_string_data_position@str             cstackCOMRAM 00001A
lcd_set_cursor_position@col                   cstackCOMRAM 000016
lcd_set_cursor_position@lcd_obj               cstackCOMRAM 000014
lcd_set_cursor_position@row                   cstackCOMRAM 000015
led_init@F3062                                bssCOMRAM    00006E
led_off@F3072                                 bssCOMRAM    00006C
led_on@F3067                                  bssCOMRAM    00006D
led_toggle@F3077                              bssCOMRAM    00006B
memset@c                                      cstackCOMRAM 000003
memset@dest                                   cstackCOMRAM 000002
memset@n                                      cstackCOMRAM 000005
memset@p                                      cstackCOMRAM 000007
relay_init@F3057                              bssCOMRAM    00006A
relay_off@F3067                               bssCOMRAM    000068
relay_on@F3062                                bssCOMRAM    000069
relay_toggle@F3072                            bssCOMRAM    000067
sprintf@ap                                    cstackCOMRAM 00001F
sprintf@f                                     cstackCOMRAM 000020
sprintf@fmt                                   cstackCOMRAM 00001C
sprintf@s                                     cstackCOMRAM 00001B
stackhi                                       (abs)        000000
stacklo                                       (abs)        000000
start                                         init         00000E
start_initialization                          cinit        00282C
ttemp5                                        temp         00007D
ttemp6                                        temp         000080
ttemp7                                        temp         000084
vfpfcnvrt@ap                                  cstackCOMRAM 00000E
vfpfcnvrt@c                                   cstackCOMRAM 000016
vfpfcnvrt@convarg                             cstackCOMRAM 000012
vfpfcnvrt@cp                                  cstackCOMRAM 000011
vfpfcnvrt@done                                cstackCOMRAM 000010
vfpfcnvrt@fmt                                 cstackCOMRAM 00000D
vfpfcnvrt@fp                                  cstackCOMRAM 00000C
vfprintf@ap                                   cstackCOMRAM 000019
vfprintf@cfmt                                 cstackCOMRAM 00001A
vfprintf@fmt                                  cstackCOMRAM 000018
vfprintf@fp                                   cstackCOMRAM 000017
wtemp8                                        temp         00007D


MODULE INFORMATION

Module		Function		Class		Link	Load	Size
C:\Program Files\Microchip\xc8\v2.45\pic\sources\c99\common\sprcmul.c
		___flmul       		CODE           	1034	0000	1066

C:\Program Files\Microchip\xc8\v2.45\pic\sources\c99\common\sprcmul.c estimated size: 1066

C:\Program Files\Microchip\xc8\v2.45\pic\sources\c99\common\sprcdiv.c
		___fldiv       		CODE           	145E	0000	922

C:\Program Files\Microchip\xc8\v2.45\pic\sources\c99\common\sprcdiv.c estimated size: 922

C:\Program Files\Microchip\xc8\v2.45\pic\sources\c99\common\nf_sprintf.c
		_sprintf       		CODE           	2B84	0000	52

C:\Program Files\Microchip\xc8\v2.45\pic\sources\c99\common\nf_sprintf.c estimated size: 52

C:\Program Files\Microchip\xc8\v2.45\pic\sources\c99\common\awmod.c
		___awmod       		CODE           	248C	0000	176

C:\Program Files\Microchip\xc8\v2.45\pic\sources\c99\common\awmod.c estimated size: 176

C:\Program Files\Microchip\xc8\v2.45\pic\sources\c99\common\putch.c
		_putch         		CODE           	2D1E	0000	2

C:\Program Files\Microchip\xc8\v2.45\pic\sources\c99\common\putch.c estimated size: 2

shared
		__initialization		CODE           	282C	0000	88
		_keypad_buttons		SMALLCONST     	1001	0000	16

shared estimated size: 104

C:\Program Files\Microchip\xc8\v2.45\pic\sources\c99\common\xxtofl.c
		___xxtofl      		CODE           	1C3E	0000	436

C:\Program Files\Microchip\xc8\v2.45\pic\sources\c99\common\xxtofl.c estimated size: 436

MCAL_Layer/Interrupt/mcal_external_interrupt.c
		_RB4_ISR       		CODE           	2CDA	0000	26
		_RB5_ISR       		CODE           	2CC0	0000	26
		_RB6_ISR       		CODE           	2CA6	0000	26
		_RB7_ISR       		CODE           	2C8C	0000	26
		_INT0_ISR      		CODE           	2D1A	0000	4
		_INT1_ISR      		CODE           	2D16	0000	4
		_INT2_ISR      		CODE           	2D12	0000	4

MCAL_Layer/Interrupt/mcal_external_interrupt.c estimated size: 116

C:\Program Files\Microchip\xc8\v2.45\pic\sources\c99\common\abs.c
		_abs           		CODE           	2BB8	0000	52

C:\Program Files\Microchip\xc8\v2.45\pic\sources\c99\common\abs.c estimated size: 52

MCAL_Layer/ADC/hal_adc.c
		_ADC_get_conversion_result_blocking		CODE           	28EC	0000	84
		_configure_adc_channel_port		CODE           	23D2	0000	186
		_configure_adc_result_format		CODE           	2B12	0000	58
		_configure_adc_volatage_ref		CODE           	2AD4	0000	62
		_ADC_get_conversion_result		CODE           	2718	0000	144
		_ADC_start_conversion		CODE           	2C6A	0000	34
		_ADC_select_channel		CODE           	2B4C	0000	56
		_ADC_Init      		CODE           	2686	0000	146

MCAL_Layer/ADC/hal_adc.c estimated size: 770

MCAL_Layer/Interrupt/mcal_interrupt_manager.c
		_General_Interrupt_Manager		CODE           	0008	0000	652

MCAL_Layer/Interrupt/mcal_interrupt_manager.c estimated size: 652

MCAL_Layer/GPIO/hal_gpio.c
		_gpio_pin_write		CODE           	1F18	0000	272
		_gpio_pin_direction_init		CODE           	1DF2	0000	294
		_gpio_pin_init 		CODE           	288E	0000	94

MCAL_Layer/GPIO/hal_gpio.c estimated size: 660

C:\Program Files\Microchip\xc8\v2.45\pic\sources\c99\common\memset.c
		_memset        		CODE           	2BEC	0000	48

C:\Program Files\Microchip\xc8\v2.45\pic\sources\c99\common\memset.c estimated size: 48

ECU_Layer/Char_LCD/ecu_char_LDC.c
		_lcd_send_command		CODE           	298A	0000	70
		_lcd_send_bits 		CODE           	2940	0000	74
		_lcd_send_enable_signal		CODE           	2C44	0000	38
		_lcd_set_cursor_position		CODE           	25E6	0000	160
		_convert_uint16_to_string		CODE           	29D0	0000	68
		_lcd_send_char_data		CODE           	2A14	0000	66
		_lcd_send_string_data		CODE           	27A8	0000	132
		_lcd_init      		CODE           	2228	0000	230
		_lcd_send_string_data_position		CODE           	2A96	0000	62

ECU_Layer/Char_LCD/ecu_char_LDC.c estimated size: 900

application.c
		_main          		CODE           	212E	0000	250
		_app_init      		CODE           	2CF4	0000	22

application.c estimated size: 272

C:\Program Files\Microchip\xc8\v2.45\pic\sources\c99\common\nf_fputc.c
		_fputc         		CODE           	253C	0000	170

C:\Program Files\Microchip\xc8\v2.45\pic\sources\c99\common\nf_fputc.c estimated size: 170

C:\Program Files\Microchip\xc8\v2.45\pic\sources\c99\common\doprnt.c
		_vfpfcnvrt     		CODE           	1A7E	0000	448
		_vfprintf      		CODE           	2A56	0000	64

C:\Program Files\Microchip\xc8\v2.45\pic\sources\c99\common\doprnt.c estimated size: 512

C:\Program Files\Microchip\xc8\v2.45\pic\sources\c99\common\awdiv.c
		___awdiv       		CODE           	230E	0000	196

C:\Program Files\Microchip\xc8\v2.45\pic\sources\c99\common\awdiv.c estimated size: 196

C:\Program Files\Microchip\xc8\v2.45\pic\sources\c99\common\fltol.c
		___fltol       		CODE           	2028	0000	262

C:\Program Files\Microchip\xc8\v2.45\pic\sources\c99\common\fltol.c estimated size: 262

